// Jest Snapshot v1, https://goo.gl/fbAQLP

exports[`should show a simple labeled select 1`] = `[Function]`;
