// Jest Snapshot v1, https://goo.gl/fbAQLP

exports[`should show the labeled range 1`] = `[Function]`;
