// Jest Snapshot v1, https://jestjs.io/docs/snapshot-testing

exports[`should show a simple labeled input 1`] = `[Function]`;
