// Jest Snapshot v1, https://jestjs.io/docs/snapshot-testing

exports[`Test AppLayout Should match snapshot 1`] = `
<DocumentFragment>
  <div
    class="app-layout"
  >
    <header
      class="app-layout__header"
    >
      <h1>
        Header
      </h1>
    </header>
    <div
      class="app-layout__content"
    >
      <p>
        Content
      </p>
    </div>
  </div>
</DocumentFragment>
`;
