// Jest Snapshot v1, https://jestjs.io/docs/snapshot-testing

exports[`Test RangeInput Simple setup and edit component should match snapshot 1`] = `[Function]`;
