// Jest Snapshot v1, https://goo.gl/fbAQLP

exports[`should show a simple button 1`] = `[Function]`;
