// Jest Snapshot v1, https://goo.gl/fbAQLP

exports[`should render the login status (logged out) 1`] = `[Function]`;

exports[`should show the logout button when logged in 1`] = `[Function]`;
