// Jest Snapshot v1, https://goo.gl/fbAQLP

exports[`should show the button 1`] = `[Function]`;
