// Jest Snapshot v1, https://goo.gl/fbAQLP

exports[`should show the list 1`] = `[Function]`;
